[2023-10-27 08:00:01] INFO  [System] Server started (PID 4512)
[2023-10-27 08:00:02] INFO  [Config] Loading configuration from /etc/app/config.yaml
[2023-10-27 08:00:02] INFO  [Database] Connecting to primary-db.internal:5432...
[2023-10-27 08:00:03] INFO  [Database] Connection established. Pool size: 10
[2023-10-27 08:00:05] INFO  [HttpServer] Listening on port 8080
[2023-10-27 08:15:22] INFO  [Request] GET /api/v1/users/123 - 200 OK - 45ms
[2023-10-27 08:15:25] INFO  [Request] GET /api/v1/dashboard - 200 OK - 120ms
[2023-10-27 08:20:00] WARN  [Memory] Heap usage at 65% - Garbage collection imminent
[2023-10-27 08:30:00] INFO  [Request] POST /api/v1/upload - 201 Created - 850ms
[2023-10-27 08:45:12] WARN  [Database] Query took 1500ms: SELECT * FROM huge_table WHERE active=true
[2023-10-27 09:00:01] INFO  [Cron] Starting hourly backup
[2023-10-27 09:00:05] INFO  [Cron] Backup completed successfully (size: 450MB)
[2023-10-27 09:15:00] ERROR [PaymentService] Gateway timeout connecting to Stripe (Attempt 1/3)
[2023-10-27 09:15:01] INFO  [PaymentService] Retrying connection...
[2023-10-27 09:15:05] INFO  [PaymentService] Connection successful on retry
[2023-10-27 09:30:00] INFO  [Request] GET /health - 200 OK - 2ms
[2023-10-27 10:00:00] WARN  [Memory] Heap usage at 85% - Application is under load
[2023-10-27 10:05:00] ERROR [Database] ConnectionPoolExhausted: Timeout waiting for free connection
[2023-10-27 10:05:01] ERROR [Request] GET /api/v1/orders - 500 Internal Server Error
[2023-10-27 10:05:02] ERROR [Request] GET /api/v1/products - 500 Internal Server Error
[2023-10-27 10:05:05] ERROR [System] Uncaught Exception: Fatal Error: OOM (Out Of Memory)
[2023-10-27 10:05:05] INFO  [System] Stack trace:
    at /app/services/Worker.js:45:12
    at Array.forEach (<anonymous>)
    at process.emit (events.js:400:28)
[2023-10-27 10:05:06] CRITICAL [System] Process 4512 terminated unexpectedly with code 1
[2023-10-27 10:05:10] INFO  [System] Supervisor restarting process...
[2023-10-27 10:05:15] INFO  [System] Server started (PID 4599)
[2023-10-27 10:05:16] INFO  [Database] Connecting to primary-db.internal:5432...
[2023-10-27 10:05:17] INFO  [Database] Connection established.
[2026-01-29 15:31:08] INFO Heartbeat pulse 1 - Simulation running...
[2026-01-29 15:32:29] INFO Heartbeat pulse 1 - Cache fix verification...
[2026-01-29 15:34:09] INFO Heartbeat pulse 1 - Auto-scroll test...
[2026-01-29 21:37:54] INFO Live Pulse 1 - System active and processing requests...
[2026-01-29 21:37:55] INFO Live Pulse 2 - System active and processing requests...
[2026-01-29 21:37:56] INFO Live Pulse 3 - System active and processing requests...
[2026-01-29 21:37:57] INFO Live Pulse 4 - System active and processing requests...
[2026-01-29 21:37:58] INFO Live Pulse 5 - System active and processing requests...
[2026-01-29 21:37:59] INFO Live Pulse 6 - System active and processing requests...
[2026-01-29 21:38:00] INFO Live Pulse 7 - System active and processing requests...
[2026-01-29 21:38:01] INFO Live Pulse 8 - System active and processing requests...
[2026-01-29 21:38:02] INFO Live Pulse 9 - System active and processing requests...
[2026-01-29 21:38:03] INFO Live Pulse 10 - System active and processing requests...
[2026-01-29 21:38:04] INFO Live Pulse 11 - System active and processing requests...
[2026-01-29 21:38:05] INFO Live Pulse 12 - System active and processing requests...
[2026-01-29 21:38:06] INFO Live Pulse 13 - System active and processing requests...
[2026-01-29 21:38:07] INFO Live Pulse 14 - System active and processing requests...
[2026-01-29 21:38:08] INFO Live Pulse 15 - System active and processing requests...
[2026-01-29 21:38:09] INFO Live Pulse 16 - System active and processing requests...
[2026-01-29 21:38:10] INFO Live Pulse 17 - System active and processing requests...
[2026-01-29 21:38:11] INFO Live Pulse 18 - System active and processing requests...
[2026-01-29 21:38:12] INFO Live Pulse 19 - System active and processing requests...
[2026-01-29 21:38:13] INFO Live Pulse 20 - System active and processing requests...
[2026-01-29 21:38:14] INFO Live Pulse 21 - System active and processing requests...
[2026-01-29 21:38:15] INFO Live Pulse 22 - System active and processing requests...
[2026-01-29 21:38:16] INFO Live Pulse 23 - System active and processing requests...
[2026-01-29 21:38:17] INFO Live Pulse 24 - System active and processing requests...
[2026-01-29 21:38:18] INFO Live Pulse 25 - System active and processing requests...
[2026-01-29 21:38:19] INFO Live Pulse 26 - System active and processing requests...
[2026-01-29 21:38:20] INFO Live Pulse 27 - System active and processing requests...
[2026-01-29 21:38:21] INFO Live Pulse 28 - System active and processing requests...
[2026-01-29 21:38:22] INFO Live Pulse 29 - System active and processing requests...
[2026-01-29 21:38:23] INFO Live Pulse 30 - System active and processing requests...
[2026-01-29 21:38:24] INFO Live Pulse 31 - System active and processing requests...
[2026-01-29 21:38:25] INFO Live Pulse 32 - System active and processing requests...
[2026-01-29 21:38:26] INFO Live Pulse 33 - System active and processing requests...
[2026-01-29 21:38:27] INFO Live Pulse 34 - System active and processing requests...
[2026-01-29 21:38:28] INFO Live Pulse 35 - System active and processing requests...
[2026-01-29 21:38:29] INFO Live Pulse 36 - System active and processing requests...
[2026-01-29 21:38:30] INFO Live Pulse 37 - System active and processing requests...
[2026-01-29 21:38:31] INFO Live Pulse 38 - System active and processing requests...
[2026-01-29 21:38:32] INFO Live Pulse 39 - System active and processing requests...
[2026-01-29 21:38:33] INFO Live Pulse 40 - System active and processing requests...
[2026-01-29 21:38:34] INFO Live Pulse 41 - System active and processing requests...
[2026-01-29 21:38:35] INFO Live Pulse 42 - System active and processing requests...
[2026-01-29 21:38:36] INFO Live Pulse 43 - System active and processing requests...
[2026-01-29 21:38:37] INFO Live Pulse 44 - System active and processing requests...
[2026-01-29 21:38:38] INFO Live Pulse 45 - System active and processing requests...
[2026-01-29 21:38:39] INFO Live Pulse 46 - System active and processing requests...
[2026-01-29 21:38:40] INFO Live Pulse 47 - System active and processing requests...
[2026-01-29 21:38:41] INFO Live Pulse 48 - System active and processing requests...
[2026-01-29 21:38:42] INFO Live Pulse 49 - System active and processing requests...
[2026-01-29 21:38:43] INFO Live Pulse 50 - System active and processing requests...
[2026-01-29 21:38:44] INFO Live Pulse 51 - System active and processing requests...
[2026-01-29 21:38:45] INFO Live Pulse 52 - System active and processing requests...
[2026-01-29 21:38:46] INFO Live Pulse 53 - System active and processing requests...
[2026-01-29 21:38:47] INFO Live Pulse 54 - System active and processing requests...
[2026-01-29 21:38:48] INFO Live Pulse 55 - System active and processing requests...
[2026-01-29 21:38:49] INFO Live Pulse 56 - System active and processing requests...
[2026-01-29 21:38:50] INFO Live Pulse 57 - System active and processing requests...
[2026-01-29 21:38:51] INFO Live Pulse 58 - System active and processing requests...
[2026-01-29 21:38:52] INFO Live Pulse 59 - System active and processing requests...
[2026-01-29 21:38:53] INFO Live Pulse 60 - System active and processing requests...
[2026-01-29 21:38:54] INFO Live Pulse 61 - System active and processing requests...
[2026-01-29 21:38:55] INFO Live Pulse 62 - System active and processing requests...
[2026-01-29 21:38:56] INFO Live Pulse 63 - System active and processing requests...
[2026-01-29 21:38:57] INFO Live Pulse 64 - System active and processing requests...
[2026-01-29 21:38:58] INFO Live Pulse 65 - System active and processing requests...
[2026-01-29 21:38:59] INFO Live Pulse 66 - System active and processing requests...
[2026-01-29 21:39:00] INFO Live Pulse 67 - System active and processing requests...
[2026-01-29 21:39:01] INFO Live Pulse 68 - System active and processing requests...
[2026-01-29 21:39:02] INFO Live Pulse 69 - System active and processing requests...
[2026-01-29 21:39:03] INFO Live Pulse 70 - System active and processing requests...
[2026-01-29 21:39:04] INFO Live Pulse 71 - System active and processing requests...
[2026-01-29 21:39:05] INFO Live Pulse 72 - System active and processing requests...
[2026-01-29 21:39:06] INFO Live Pulse 73 - System active and processing requests...
[2026-01-29 21:39:07] INFO Live Pulse 74 - System active and processing requests...
[2026-01-29 21:39:08] INFO Live Pulse 75 - System active and processing requests...
[2026-01-29 21:39:09] INFO Live Pulse 76 - System active and processing requests...
[2026-01-29 21:39:10] INFO Live Pulse 77 - System active and processing requests...
[2026-01-29 21:39:11] INFO Live Pulse 78 - System active and processing requests...
[2026-01-29 21:39:12] INFO Live Pulse 79 - System active and processing requests...
[2026-01-29 21:39:13] INFO Live Pulse 80 - System active and processing requests...
[2026-01-29 21:39:14] INFO Live Pulse 81 - System active and processing requests...
[2026-01-29 21:39:15] INFO Live Pulse 82 - System active and processing requests...
[2026-01-29 21:39:16] INFO Live Pulse 83 - System active and processing requests...
[2026-01-29 21:39:17] INFO Live Pulse 84 - System active and processing requests...
[2026-01-29 21:39:18] INFO Live Pulse 85 - System active and processing requests...
[2026-01-29 21:39:19] INFO Live Pulse 86 - System active and processing requests...
[2026-01-29 21:39:20] INFO Live Pulse 87 - System active and processing requests...
[2026-01-29 21:39:21] INFO Live Pulse 88 - System active and processing requests...
[2026-01-29 21:39:22] INFO Live Pulse 89 - System active and processing requests...
[2026-01-29 21:39:23] INFO Live Pulse 90 - System active and processing requests...
[2026-01-29 21:39:24] INFO Live Pulse 91 - System active and processing requests...
[2026-01-29 21:39:25] INFO Live Pulse 92 - System active and processing requests...
[2026-01-29 21:39:26] INFO Live Pulse 93 - System active and processing requests...
[2026-01-29 21:39:27] INFO Live Pulse 94 - System active and processing requests...
[2026-01-29 21:39:28] INFO Live Pulse 95 - System active and processing requests...
[2026-01-29 21:39:29] INFO Live Pulse 96 - System active and processing requests...
[2026-01-29 21:39:30] INFO Live Pulse 97 - System active and processing requests...
[2026-01-29 21:39:31] INFO Live Pulse 98 - System active and processing requests...
[2026-01-29 21:39:32] INFO Live Pulse 99 - System active and processing requests...
[2026-01-29 21:39:33] INFO Live Pulse 100 - System active and processing requests...
[2026-01-29 21:39:34] INFO Live Pulse 101 - System active and processing requests...
[2026-01-29 21:39:35] INFO Live Pulse 102 - System active and processing requests...
[2026-01-29 21:39:36] INFO Live Pulse 103 - System active and processing requests...
[2026-01-29 21:39:37] INFO Live Pulse 104 - System active and processing requests...
[2026-01-29 21:39:38] INFO Live Pulse 105 - System active and processing requests...
[2026-01-29 21:39:39] INFO Live Pulse 106 - System active and processing requests...
[2026-01-29 21:39:40] INFO Live Pulse 107 - System active and processing requests...
[2026-01-29 21:39:41] INFO Live Pulse 108 - System active and processing requests...
[2026-01-29 21:39:42] INFO Live Pulse 109 - System active and processing requests...
[2026-01-29 21:39:43] INFO Live Pulse 110 - System active and processing requests...
[2026-01-29 21:39:44] INFO Live Pulse 111 - System active and processing requests...
[2026-01-29 21:39:45] INFO Live Pulse 112 - System active and processing requests...
[2026-01-29 21:39:46] INFO Live Pulse 113 - System active and processing requests...
[2026-01-29 21:39:47] INFO Live Pulse 114 - System active and processing requests...
[2026-01-29 21:39:48] INFO Live Pulse 115 - System active and processing requests...
[2026-01-29 21:39:49] INFO Live Pulse 116 - System active and processing requests...
[2026-01-29 21:39:50] INFO Live Pulse 117 - System active and processing requests...
[2026-01-29 21:39:51] INFO Live Pulse 118 - System active and processing requests...
[2026-01-29 21:39:52] INFO Live Pulse 119 - System active and processing requests...
[2026-01-29 21:39:53] INFO Live Pulse 120 - System active and processing requests...
[2026-01-29 21:43:18] INFO Live Pulse 121 - Continuous monitoring active...
[2026-01-29 21:43:19] INFO Live Pulse 122 - Continuous monitoring active...
[2026-01-29 21:43:20] INFO Live Pulse 123 - Continuous monitoring active...
[2026-01-29 21:43:21] INFO Live Pulse 124 - Continuous monitoring active...
[2026-01-29 21:43:22] INFO Live Pulse 125 - Continuous monitoring active...
[2026-01-29 21:43:23] INFO Live Pulse 126 - Continuous monitoring active...
[2026-01-29 21:43:24] INFO Live Pulse 127 - Continuous monitoring active...
[2026-01-29 21:43:25] INFO Live Pulse 128 - Continuous monitoring active...
[2026-01-29 21:43:26] INFO Live Pulse 129 - Continuous monitoring active...
[2026-01-29 21:43:27] INFO Live Pulse 130 - Continuous monitoring active...
[2026-01-29 21:43:28] INFO Live Pulse 131 - Continuous monitoring active...
[2026-01-29 21:43:29] INFO Live Pulse 132 - Continuous monitoring active...
[2026-01-29 21:43:30] INFO Live Pulse 133 - Continuous monitoring active...
[2026-01-29 21:43:31] INFO Live Pulse 134 - Continuous monitoring active...
[2026-01-29 21:43:32] INFO Live Pulse 135 - Continuous monitoring active...
[2026-01-29 21:43:33] INFO Live Pulse 136 - Continuous monitoring active...
[2026-01-29 21:43:34] INFO Live Pulse 137 - Continuous monitoring active...
[2026-01-29 21:43:35] INFO Live Pulse 138 - Continuous monitoring active...
[2026-01-29 21:43:36] INFO Live Pulse 139 - Continuous monitoring active...
[2026-01-29 21:43:37] INFO Live Pulse 140 - Continuous monitoring active...
[2026-01-29 21:43:38] INFO Live Pulse 141 - Continuous monitoring active...
[2026-01-29 21:43:39] INFO Live Pulse 142 - Continuous monitoring active...
[2026-01-29 21:43:40] INFO Live Pulse 143 - Continuous monitoring active...
[2026-01-29 21:43:41] INFO Live Pulse 144 - Continuous monitoring active...
[2026-01-29 21:43:42] INFO Live Pulse 145 - Continuous monitoring active...
[2026-01-29 21:43:43] INFO Live Pulse 146 - Continuous monitoring active...
[2026-01-29 21:43:44] INFO Live Pulse 147 - Continuous monitoring active...
[2026-01-29 21:43:45] INFO Live Pulse 148 - Continuous monitoring active...
[2026-01-29 21:43:46] INFO Live Pulse 149 - Continuous monitoring active...
[2026-01-29 21:43:47] INFO Live Pulse 150 - Continuous monitoring active...
[2026-01-29 21:43:48] INFO Live Pulse 151 - Continuous monitoring active...
[2026-01-29 21:43:49] INFO Live Pulse 152 - Continuous monitoring active...
[2026-01-29 21:43:50] INFO Live Pulse 153 - Continuous monitoring active...
[2026-01-29 21:43:51] INFO Live Pulse 154 - Continuous monitoring active...
[2026-01-29 21:43:52] INFO Live Pulse 155 - Continuous monitoring active...
[2026-01-29 21:43:53] INFO Live Pulse 156 - Continuous monitoring active...
[2026-01-29 21:43:54] INFO Live Pulse 157 - Continuous monitoring active...
[2026-01-29 21:43:55] INFO Live Pulse 158 - Continuous monitoring active...
[2026-01-29 21:43:56] INFO Live Pulse 159 - Continuous monitoring active...
[2026-01-29 21:43:57] INFO Live Pulse 160 - Continuous monitoring active...
[2026-01-29 21:43:58] INFO Live Pulse 161 - Continuous monitoring active...
[2026-01-29 21:43:59] INFO Live Pulse 162 - Continuous monitoring active...
[2026-01-29 21:44:00] INFO Live Pulse 163 - Continuous monitoring active...
[2026-01-29 21:44:01] INFO Live Pulse 164 - Continuous monitoring active...
[2026-01-29 21:44:02] INFO Live Pulse 165 - Continuous monitoring active...
[2026-01-29 21:44:03] INFO Live Pulse 166 - Continuous monitoring active...
[2026-01-29 21:44:04] INFO Live Pulse 167 - Continuous monitoring active...
[2026-01-29 21:44:05] INFO Live Pulse 168 - Continuous monitoring active...
[2026-01-29 21:44:06] INFO Live Pulse 169 - Continuous monitoring active...
[2026-01-29 21:44:07] INFO Live Pulse 170 - Continuous monitoring active...
[2026-01-29 21:44:08] INFO Live Pulse 171 - Continuous monitoring active...
[2026-01-29 21:44:09] INFO Live Pulse 172 - Continuous monitoring active...
[2026-01-29 21:44:10] INFO Live Pulse 173 - Continuous monitoring active...
[2026-01-29 15:44:31] INFO Live Pulse - System active...
[2026-01-29 15:44:32] INFO Live Pulse - System active...
[2026-01-29 15:44:33] INFO Live Pulse - System active...
[2026-01-29 15:44:34] INFO Live Pulse - System active...
[2026-01-29 15:44:35] INFO Live Pulse - System active...
[2026-01-29 15:44:36] INFO Live Pulse - System active...
[2026-01-29 15:44:37] INFO Live Pulse - System active...
[2026-01-29 15:44:38] INFO Live Pulse - System active...
[2026-01-29 15:44:39] INFO Live Pulse - System active...
[2026-01-29 15:44:40] INFO Live Pulse - System active...
[2026-01-29 15:44:41] INFO Live Pulse - System active...
[2026-01-29 15:44:42] INFO Live Pulse - System active...
[2026-01-29 15:44:43] INFO Live Pulse - System active...
[2026-01-29 15:44:44] INFO Live Pulse - System active...
[2026-01-29 15:44:45] INFO Live Pulse - System active...
[2026-01-29 15:44:46] INFO Live Pulse - System active...
[2026-01-29 15:44:47] INFO Live Pulse - System active...
[2026-01-29 15:44:48] INFO Live Pulse - System active...
[2026-01-29 15:44:49] INFO Live Pulse - System active...
[2026-01-29 15:44:50] INFO Live Pulse - System active...
[2026-01-29 15:44:51] INFO Live Pulse - System active...
[2026-01-29 15:44:52] INFO Live Pulse - System active...
[2026-01-29 15:44:53] INFO Live Pulse - System active...
[2026-01-29 15:44:54] INFO Live Pulse - System active...
[2026-01-29 15:44:55] INFO Live Pulse - System active...
[2026-01-29 15:44:56] INFO Live Pulse - System active...
[2026-01-29 15:44:57] INFO Live Pulse - System active...
[2026-01-29 15:44:58] INFO Live Pulse - System active...
[2026-01-29 15:44:59] INFO Live Pulse - System active...
[2026-01-29 15:45:00] INFO Live Pulse - System active...
[2026-01-29 15:45:01] INFO Live Pulse - System active...
[2026-01-29 15:45:02] INFO Live Pulse - System active...
[2026-01-29 15:45:03] INFO Live Pulse - System active...
[2026-01-29 15:45:04] INFO Live Pulse - System active...
[2026-01-29 15:45:05] INFO Live Pulse - System active...
[2026-01-29 15:45:06] INFO Live Pulse - System active...
[2026-01-29 15:45:07] INFO Live Pulse - System active...
[2026-01-29 15:45:08] INFO Live Pulse - System active...
[2026-01-29 15:45:09] INFO Live Pulse - System active...
[2026-01-29 15:45:10] INFO Live Pulse - System active...
[2026-01-29 15:45:11] INFO Live Pulse - System active...
[2026-01-29 15:45:12] INFO Live Pulse - System active...
[2026-01-29 15:45:13] INFO Live Pulse - System active...
[2026-01-29 15:45:14] INFO Live Pulse - System active...
[2026-01-29 15:45:15] INFO Live Pulse - System active...
[2026-01-29 15:45:16] INFO Live Pulse - System active...
[2026-01-29 15:45:17] INFO Live Pulse - System active...
[2026-01-29 15:45:18] INFO Live Pulse - System active...
[2026-01-29 15:45:19] INFO Live Pulse - System active...
[2026-01-29 15:45:20] INFO Live Pulse - System active...
[2026-01-29 15:45:21] INFO Live Pulse - System active...
[2026-01-29 15:45:22] INFO Live Pulse - System active...
[2026-01-29 15:45:23] INFO Live Pulse - System active...
[2026-01-29 15:45:24] INFO Live Pulse - System active...
[2026-01-29 15:45:25] INFO Live Pulse - System active...
[2026-01-29 15:45:26] INFO Live Pulse - System active...
[2026-01-29 15:45:27] INFO Live Pulse - System active...
[2026-01-29 15:45:28] INFO Live Pulse - System active...
[2026-01-29 15:45:29] INFO Live Pulse - System active...
[2026-01-29 15:45:30] INFO Live Pulse - System active...
[2026-01-29 15:45:31] INFO Live Pulse - System active...
[2026-01-29 15:45:32] INFO Live Pulse - System active...
[2026-01-29 15:45:33] INFO Live Pulse - System active...
[2026-01-29 15:45:34] INFO Live Pulse - System active...
[2026-01-29 15:45:35] INFO Live Pulse - System active...
[2026-01-29 15:45:36] INFO Live Pulse - System active...
[2026-01-29 15:45:37] INFO Live Pulse - System active...
[2026-01-29 15:45:38] INFO Live Pulse - System active...
[2026-01-29 15:45:39] INFO Live Pulse - System active...
[2026-01-29 15:45:40] INFO Live Pulse - System active...
[2026-01-29 15:45:41] INFO Live Pulse - System active...
[2026-01-29 15:45:42] INFO Live Pulse - System active...
[2026-01-29 15:45:43] INFO Live Pulse - System active...
[2026-01-29 15:45:44] INFO Live Pulse - System active...
[2026-01-29 15:45:45] INFO Live Pulse - System active...
[2026-01-29 15:45:46] INFO Live Pulse - System active...
[2026-01-29 15:45:47] INFO Live Pulse - System active...
[2026-01-29 15:45:48] INFO Live Pulse - System active...
[2026-01-29 15:45:49] INFO Live Pulse - System active...
[2026-01-29 15:45:50] INFO Live Pulse - System active...
[2026-01-29 15:45:51] INFO Live Pulse - System active...
[2026-01-29 15:45:52] INFO Live Pulse - System active...
[2026-01-29 15:45:53] INFO Live Pulse - System active...
[2026-01-29 15:45:54] INFO Live Pulse - System active...
[2026-01-29 15:45:55] INFO Live Pulse - System active...
[2026-01-29 15:45:56] INFO Live Pulse - System active...
[2026-01-29 15:45:57] INFO Live Pulse - System active...
[2026-01-29 15:45:58] INFO Live Pulse - System active...
[2026-01-29 15:45:59] INFO Live Pulse - System active...
[2026-01-29 15:46:00] INFO Live Pulse - System active...
[2026-01-29 15:46:01] INFO Live Pulse - System active...
[2026-01-29 15:46:02] INFO Live Pulse - System active...
[2026-01-29 15:46:03] INFO Live Pulse - System active...
[2026-01-29 15:46:04] INFO Live Pulse - System active...
[2026-01-29 15:46:05] INFO Live Pulse - System active...
[2026-01-29 15:46:06] INFO Live Pulse - System active...
[2026-01-29 15:46:07] INFO Live Pulse - System active...
[2026-01-29 15:46:08] INFO Live Pulse - System active...
[2026-01-29 15:46:09] INFO Live Pulse - System active...
[2026-01-29 15:46:10] INFO Live Pulse - System active...
[2026-01-29 15:46:11] INFO Live Pulse - System active...
[2026-01-29 15:46:12] INFO Live Pulse - System active...
[2026-01-29 15:46:13] INFO Live Pulse - System active...
[2026-01-29 15:46:14] INFO Live Pulse - System active...
[2026-01-29 15:46:15] INFO Live Pulse - System active...
[2026-01-29 15:46:16] INFO Live Pulse - System active...
[2026-01-29 15:46:17] INFO Live Pulse - System active...
[2026-01-29 15:46:18] INFO Live Pulse - System active...
[2026-01-29 15:46:19] INFO Live Pulse - System active...
[2026-01-29 15:46:20] INFO Live Pulse - System active...
[2026-01-29 15:46:21] INFO Live Pulse - System active...
[2026-01-29 15:46:22] INFO Live Pulse - System active...
[2026-01-29 15:46:23] INFO Live Pulse - System active...
[2026-01-29 15:46:24] INFO Live Pulse - System active...
[2026-01-29 15:46:25] INFO Live Pulse - System active...
[2026-01-29 15:46:26] INFO Live Pulse - System active...
[2026-01-29 15:46:27] INFO Live Pulse - System active...
[2026-01-29 15:46:28] INFO Live Pulse - System active...
[2026-01-29 15:46:29] INFO Live Pulse - System active...
[2026-01-29 15:46:30] INFO Live Pulse - System active...
[2026-01-29 15:46:31] INFO Live Pulse - System active...
[2026-01-29 15:46:32] INFO Live Pulse - System active...
[2026-01-29 15:46:33] INFO Live Pulse - System active...
[2026-01-29 15:46:34] INFO Live Pulse - System active...
[2026-01-29 15:46:35] INFO Live Pulse - System active...
[2026-01-29 15:46:36] INFO Live Pulse - System active...
[2026-01-29 15:46:37] INFO Live Pulse - System active...
[2026-01-29 15:46:38] INFO Live Pulse - System active...
[2026-01-29 15:46:39] INFO Live Pulse - System active...
[2026-01-29 15:46:40] INFO Live Pulse - System active...
[2026-01-29 15:46:41] INFO Live Pulse - System active...
[2026-01-29 15:46:42] INFO Live Pulse - System active...
[2026-01-29 15:46:43] INFO Live Pulse - System active...
[2026-01-29 15:46:44] INFO Live Pulse - System active...
[2026-01-29 15:46:45] INFO Live Pulse - System active...
[2026-01-29 15:46:46] INFO Live Pulse - System active...
[2026-01-29 15:46:47] INFO Live Pulse - System active...
[2026-01-29 15:46:48] INFO Live Pulse - System active...
[2026-01-29 15:46:49] INFO Live Pulse - System active...
[2026-01-29 15:46:50] INFO Live Pulse - System active...
[2026-01-29 15:46:51] INFO Live Pulse - System active...
[2026-01-29 15:46:52] INFO Live Pulse - System active...
[2026-01-29 15:46:53] INFO Live Pulse - System active...
[2026-01-29 15:46:54] INFO Live Pulse - System active...
[2026-01-29 15:46:55] INFO Live Pulse - System active...
[2026-01-29 15:46:56] INFO Live Pulse - System active...
[2026-01-29 15:46:57] INFO Live Pulse - System active...
[2026-01-29 15:46:58] INFO Live Pulse - System active...
[2026-01-29 15:46:59] INFO Live Pulse - System active...
[2026-01-29 15:47:00] INFO Live Pulse - System active...
[2026-01-29 15:47:01] INFO Live Pulse - System active...
[2026-01-29 15:47:02] INFO Live Pulse - System active...
[2026-01-29 15:47:03] INFO Live Pulse - System active...
[2026-01-29 15:47:04] INFO Live Pulse - System active...
[2026-01-29 15:47:05] INFO Live Pulse - System active...
[2026-01-29 15:47:06] INFO Live Pulse - System active...
[2026-01-29 15:47:07] INFO Live Pulse - System active...
[2026-01-29 15:47:08] INFO Live Pulse - System active...
[2026-01-29 15:47:09] INFO Live Pulse - System active...
[2026-01-29 15:47:10] INFO Live Pulse - System active...
[2026-01-29 15:47:11] INFO Live Pulse - System active...
[2026-01-29 15:47:12] INFO Live Pulse - System active...
[2026-01-29 15:47:13] INFO Live Pulse - System active...
[2026-01-29 15:47:14] INFO Live Pulse - System active...
[2026-01-29 15:47:15] INFO Live Pulse - System active...
[2026-01-29 15:47:16] INFO Live Pulse - System active...
[2026-01-29 15:47:17] INFO Live Pulse - System active...
[2026-01-29 15:47:18] INFO Live Pulse - System active...
[2026-01-29 15:47:19] INFO Live Pulse - System active...
[2026-01-29 15:47:20] INFO Live Pulse - System active...
[2026-01-29 15:47:21] INFO Live Pulse - System active...
[2026-01-29 15:47:22] INFO Live Pulse - System active...
[2026-01-29 15:47:23] INFO Live Pulse - System active...
[2026-01-29 15:47:24] INFO Live Pulse - System active...
[2026-01-29 15:47:25] INFO Live Pulse - System active...
[2026-01-29 15:47:26] INFO Live Pulse - System active...
[2026-01-29 15:47:27] INFO Live Pulse - System active...
[2026-01-29 15:47:28] INFO Live Pulse - System active...
[2026-01-29 15:47:29] INFO Live Pulse - System active...
[2026-01-29 15:47:30] INFO Live Pulse - System active...
[2026-01-29 15:47:31] INFO Live Pulse - System active...
[2026-01-29 15:47:32] INFO Live Pulse - System active...
[2026-01-29 15:47:33] INFO Live Pulse - System active...
[2026-01-29 15:47:34] INFO Live Pulse - System active...
[2026-01-29 15:47:35] INFO Live Pulse - System active...
[2026-01-29 15:47:36] INFO Live Pulse - System active...
[2026-01-29 15:47:37] INFO Live Pulse - System active...
[2026-01-29 15:47:38] INFO Live Pulse - System active...
[2026-01-29 15:47:39] INFO Live Pulse - System active...
[2026-01-29 15:47:40] INFO Live Pulse - System active...
[2026-01-29 15:47:41] INFO Live Pulse - System active...
[2026-01-29 15:47:42] INFO Live Pulse - System active...
[2026-01-29 15:47:43] INFO Live Pulse - System active...
[2026-01-29 15:47:44] INFO Live Pulse - System active...
[2026-01-29 15:47:45] INFO Live Pulse - System active...
[2026-01-29 15:47:46] INFO Live Pulse - System active...
[2026-01-29 15:47:47] INFO Live Pulse - System active...
[2026-01-29 15:47:48] INFO Live Pulse - System active...
[2026-01-29 15:47:49] INFO Live Pulse - System active...
[2026-01-29 15:47:50] INFO Live Pulse - System active...
[2026-01-29 15:47:51] INFO Live Pulse - System active...
[2026-01-29 15:47:52] INFO Live Pulse - System active...
[2026-01-29 15:47:53] INFO Live Pulse - System active...
[2026-01-29 15:47:54] INFO Live Pulse - System active...
[2026-01-29 15:47:55] INFO Live Pulse - System active...
[2026-01-29 15:47:56] INFO Live Pulse - System active...
[2026-01-29 15:47:57] INFO Live Pulse - System active...
[2026-01-29 15:47:58] INFO Live Pulse - System active...
[2026-01-29 15:47:59] INFO Live Pulse - System active...
[2026-01-29 15:48:00] INFO Live Pulse - System active...
[2026-01-29 15:48:01] INFO Live Pulse - System active...
[2026-01-29 15:48:02] INFO Live Pulse - System active...
[2026-01-29 15:48:03] INFO Live Pulse - System active...
[2026-01-29 15:48:04] INFO Live Pulse - System active...
[2026-01-29 15:48:05] INFO Live Pulse - System active...
[2026-01-29 15:48:06] INFO Live Pulse - System active...
[2026-01-29 15:48:07] INFO Live Pulse - System active...
[2026-01-29 15:48:08] INFO Live Pulse - System active...
[2026-01-29 15:48:09] INFO Live Pulse - System active...
[2026-01-29 15:48:10] INFO Live Pulse - System active...
[2026-01-29 15:48:11] INFO Live Pulse - System active...
[2026-01-29 15:48:12] INFO Live Pulse - System active...
[2026-01-29 15:48:13] INFO Live Pulse - System active...
[2026-01-29 15:48:14] INFO Live Pulse - System active...
[2026-01-29 15:48:15] INFO Live Pulse - System active...
[2026-01-29 15:48:16] INFO Live Pulse - System active...
[2026-01-29 15:48:17] INFO Live Pulse - System active...
[2026-01-29 15:48:18] INFO Live Pulse - System active...
[2026-01-29 15:48:19] INFO Live Pulse - System active...
[2026-01-29 15:48:20] INFO Live Pulse - System active...
[2026-01-29 15:48:21] INFO Live Pulse - System active...
[2026-01-29 15:48:22] INFO Live Pulse - System active...
[2026-01-29 15:48:23] INFO Live Pulse - System active...
[2026-01-29 15:48:24] INFO Live Pulse - System active...
[2026-01-29 15:48:25] INFO Live Pulse - System active...
[2026-01-29 15:48:26] INFO Live Pulse - System active...
[2026-01-29 15:48:27] INFO Live Pulse - System active...
[2026-01-29 15:48:28] INFO Live Pulse - System active...
[2026-01-29 15:48:29] INFO Live Pulse - System active...
[2026-01-29 15:48:30] INFO Live Pulse - System active...
[2026-01-29 15:48:31] INFO Live Pulse - System active...
[2026-01-29 15:48:32] INFO Live Pulse - System active...
[2026-01-29 15:48:33] INFO Live Pulse - System active...
[2026-01-29 15:48:34] INFO Live Pulse - System active...
[2026-01-29 15:48:35] INFO Live Pulse - System active...
[2026-01-29 15:48:36] INFO Live Pulse - System active...
[2026-01-29 15:48:37] INFO Live Pulse - System active...
[2026-01-29 15:48:38] INFO Live Pulse - System active...
[2026-01-29 15:48:39] INFO Live Pulse - System active...
[2026-01-29 15:48:40] INFO Live Pulse - System active...
[2026-01-29 15:48:41] INFO Live Pulse - System active...
[2026-01-29 15:48:42] INFO Live Pulse - System active...
[2026-01-29 15:48:43] INFO Live Pulse - System active...
[2026-01-29 15:48:44] INFO Live Pulse - System active...
[2026-01-29 15:48:45] INFO Live Pulse - System active...
[2026-01-29 15:48:46] INFO Live Pulse - System active...
[2026-01-29 15:48:47] INFO Live Pulse - System active...
[2026-01-29 15:48:48] INFO Live Pulse - System active...
[2026-01-29 15:48:49] INFO Live Pulse - System active...
[2026-01-29 15:48:50] INFO Live Pulse - System active...
[2026-01-29 15:48:51] INFO Live Pulse - System active...
[2026-01-29 15:48:52] INFO Live Pulse - System active...
[2026-01-29 15:48:53] INFO Live Pulse - System active...
[2026-01-29 15:48:54] INFO Live Pulse - System active...
[2026-01-29 15:48:55] INFO Live Pulse - System active...
[2026-01-29 15:48:56] INFO Live Pulse - System active...
[2026-01-29 15:48:57] INFO Live Pulse - System active...
[2026-01-29 15:48:58] INFO Live Pulse - System active...
[2026-01-29 15:48:59] INFO Live Pulse - System active...
[2026-01-29 15:49:00] INFO Live Pulse - System active...
[2026-01-29 15:49:01] INFO Live Pulse - System active...
[2026-01-29 15:49:02] INFO Live Pulse - System active...
[2026-01-29 15:49:03] INFO Live Pulse - System active...
[2026-01-29 15:49:04] INFO Live Pulse - System active...
[2026-01-29 15:49:05] INFO Live Pulse - System active...
[2026-01-29 15:49:06] INFO Live Pulse - System active...
[2026-01-29 15:49:07] INFO Live Pulse - System active...
[2026-01-29 15:49:08] INFO Live Pulse - System active...
[2026-01-29 15:49:09] INFO Live Pulse - System active...
[2026-01-29 15:49:10] INFO Live Pulse - System active...
[2026-01-29 15:49:11] INFO Live Pulse - System active...
[2026-01-29 15:49:12] INFO Live Pulse - System active...
[2026-01-29 15:49:13] INFO Live Pulse - System active...
[2026-01-29 15:49:14] INFO Live Pulse - System active...
[2026-01-29 15:49:15] INFO Live Pulse - System active...
[2026-01-29 15:49:16] INFO Live Pulse - System active...
[2026-01-29 15:49:17] INFO Live Pulse - System active...
[2026-01-29 15:49:18] INFO Live Pulse - System active...
[2026-01-29 15:49:19] INFO Live Pulse - System active...
[2026-01-29 15:49:20] INFO Live Pulse - System active...
[2026-01-29 15:49:21] INFO Live Pulse - System active...
[2026-01-29 15:49:22] INFO Live Pulse - System active...
[2026-01-29 15:49:23] INFO Live Pulse - System active...
[2026-01-29 15:49:24] INFO Live Pulse - System active...
[2026-01-29 15:49:25] INFO Live Pulse - System active...
[2026-01-29 15:49:26] INFO Live Pulse - System active...
[2026-01-29 15:49:27] INFO Live Pulse - System active...
[2026-01-29 15:49:28] INFO Live Pulse - System active...
[2026-01-29 15:49:29] INFO Live Pulse - System active...
[2026-01-29 15:49:30] INFO Live Pulse - System active...
[2026-01-29 15:49:31] INFO Live Pulse - System active...
[2026-01-29 15:49:32] INFO Live Pulse - System active...
[2026-01-29 15:49:33] INFO Live Pulse - System active...
[2026-01-29 15:49:34] INFO Live Pulse - System active...
[2026-01-29 15:49:35] INFO Live Pulse - System active...
[2026-01-29 15:49:36] INFO Live Pulse - System active...
[2026-01-29 15:49:37] INFO Live Pulse - System active...
[2026-01-29 15:49:38] INFO Live Pulse - System active...
[2026-01-29 15:49:39] INFO Live Pulse - System active...
[2026-01-29 15:49:40] INFO Live Pulse - System active...
[2026-01-29 15:49:41] INFO Live Pulse - System active...
[2026-01-29 15:49:42] INFO Live Pulse - System active...
[2026-01-29 15:49:43] INFO Live Pulse - System active...
[2026-01-29 15:49:44] INFO Live Pulse - System active...
[2026-01-29 15:49:45] INFO Live Pulse - System active...
[2026-01-29 15:49:46] INFO Live Pulse - System active...
[2026-01-29 15:49:47] INFO Live Pulse - System active...
[2026-01-29 15:49:48] INFO Live Pulse - System active...
[2026-01-29 15:49:49] INFO Live Pulse - System active...
[2026-01-29 15:49:50] INFO Live Pulse - System active...
[2026-01-29 15:49:51] INFO Live Pulse - System active...
[2026-01-29 15:49:52] INFO Live Pulse - System active...
[2026-01-29 15:49:53] INFO Live Pulse - System active...
[2026-01-29 15:49:54] INFO Live Pulse - System active...
[2026-01-29 15:49:55] INFO Live Pulse - System active...
[2026-01-29 15:49:56] INFO Live Pulse - System active...
[2026-01-29 15:49:57] INFO Live Pulse - System active...
[2026-01-29 15:49:58] INFO Live Pulse - System active...
[2026-01-29 15:49:59] INFO Live Pulse - System active...
[2026-01-29 15:50:00] INFO Live Pulse - System active...
[2026-01-29 15:50:01] INFO Live Pulse - System active...
[2026-01-29 15:50:02] INFO Live Pulse - System active...
[2026-01-29 15:50:03] INFO Live Pulse - System active...
[2026-01-29 15:50:04] INFO Live Pulse - System active...
[2026-01-29 15:50:05] INFO Live Pulse - System active...
[2026-01-29 15:50:06] INFO Live Pulse - System active...
[2026-01-29 15:50:07] INFO Live Pulse - System active...
[2026-01-29 15:50:08] INFO Live Pulse - System active...
[2026-01-29 15:50:09] INFO Live Pulse - System active...
[2026-01-29 15:50:10] INFO Live Pulse - System active...
[2026-01-29 15:50:11] INFO Live Pulse - System active...
[2026-01-29 15:50:12] INFO Live Pulse - System active...
[2026-01-29 15:50:13] INFO Live Pulse - System active...
[2026-01-29 15:50:14] INFO Live Pulse - System active...
[2026-01-29 15:50:15] INFO Live Pulse - System active...
[2026-01-29 15:50:16] INFO Live Pulse - System active...
[2026-01-29 15:50:17] INFO Live Pulse - System active...
[2026-01-29 15:50:18] INFO Live Pulse - System active...
[2026-01-29 15:50:19] INFO Live Pulse - System active...
[2026-01-29 15:50:20] INFO Live Pulse - System active...
[2026-01-29 15:50:21] INFO Live Pulse - System active...
[2026-01-29 15:50:22] INFO Live Pulse - System active...
[2026-01-29 15:50:23] INFO Live Pulse - System active...
[2026-01-29 15:50:24] INFO Live Pulse - System active...
[2026-01-29 15:50:25] INFO Live Pulse - System active...
[2026-01-29 15:50:26] INFO Live Pulse - System active...
[2026-01-29 15:50:27] INFO Live Pulse - System active...
[2026-01-29 15:50:28] INFO Live Pulse - System active...
[2026-01-29 15:50:29] INFO Live Pulse - System active...
[2026-01-29 15:50:30] INFO Live Pulse - System active...
[2026-01-29 15:50:31] INFO Live Pulse - System active...
[2026-01-29 15:50:32] INFO Live Pulse - System active...
[2026-01-29 15:50:33] INFO Live Pulse - System active...
[2026-01-29 15:50:34] INFO Live Pulse - System active...
[2026-01-29 15:50:35] INFO Live Pulse - System active...
[2026-01-29 15:50:36] INFO Live Pulse - System active...
[2026-01-29 15:50:37] INFO Live Pulse - System active...
[2026-01-29 15:50:38] INFO Live Pulse - System active...
[2026-01-29 15:50:39] INFO Live Pulse - System active...
[2026-01-29 15:50:40] INFO Live Pulse - System active...
[2026-01-29 15:50:41] INFO Live Pulse - System active...
[2026-01-29 15:50:42] INFO Live Pulse - System active...
[2026-01-29 15:50:43] INFO Live Pulse - System active...
[2026-01-29 15:50:44] INFO Live Pulse - System active...
[2026-01-29 15:50:45] INFO Live Pulse - System active...
[2026-01-29 15:50:46] INFO Live Pulse - System active...
[2026-01-29 15:50:47] INFO Live Pulse - System active...
[2026-01-29 15:50:48] INFO Live Pulse - System active...
[2026-01-29 15:50:49] INFO Live Pulse - System active...
[2026-01-29 15:50:50] INFO Live Pulse - System active...
[2026-01-29 15:50:51] INFO Live Pulse - System active...
[2026-01-29 15:50:52] INFO Live Pulse - System active...
[2026-01-29 15:50:53] INFO Live Pulse - System active...
[2026-01-29 15:50:54] INFO Live Pulse - System active...
[2026-01-29 15:50:55] INFO Live Pulse - System active...
[2026-01-29 15:50:56] INFO Live Pulse - System active...
[2026-01-29 15:50:57] INFO Live Pulse - System active...
[2026-01-29 15:50:58] INFO Live Pulse - System active...
[2026-01-29 15:50:59] INFO Live Pulse - System active...
[2026-01-29 15:51:00] INFO Live Pulse - System active...
[2026-01-29 15:51:01] INFO Live Pulse - System active...
[2026-01-29 15:51:02] INFO Live Pulse - System active...
[2026-01-29 15:51:03] INFO Live Pulse - System active...
[2026-01-29 15:51:04] INFO Live Pulse - System active...
[2026-01-29 15:51:05] INFO Live Pulse - System active...
[2026-01-29 15:51:06] INFO Live Pulse - System active...
[2026-01-29 15:51:07] INFO Live Pulse - System active...
[2026-01-29 15:51:08] INFO Live Pulse - System active...
[2026-01-29 15:51:09] INFO Live Pulse - System active...
[2026-01-29 15:51:10] INFO Live Pulse - System active...
[2026-01-29 15:51:11] INFO Live Pulse - System active...
[2026-01-29 15:51:12] INFO Live Pulse - System active...
[2026-01-29 15:51:13] INFO Live Pulse - System active...
[2026-01-29 15:51:14] INFO Live Pulse - System active...
[2026-01-29 15:51:15] INFO Live Pulse - System active...
[2026-01-29 15:51:16] INFO Live Pulse - System active...
[2026-01-29 15:51:17] INFO Live Pulse - System active...
[2026-01-29 15:51:18] INFO Live Pulse - System active...
[2026-01-29 15:51:19] INFO Live Pulse - System active...
[2026-01-29 15:51:20] INFO Live Pulse - System active...
[2026-01-29 15:51:21] INFO Live Pulse - System active...
[2026-01-29 15:51:22] INFO Live Pulse - System active...
[2026-01-29 15:51:23] INFO Live Pulse - System active...
[2026-01-29 15:51:24] INFO Live Pulse - System active...
[2026-01-29 15:51:25] INFO Live Pulse - System active...
[2026-01-29 15:51:26] INFO Live Pulse - System active...
[2026-01-29 15:51:27] INFO Live Pulse - System active...
[2026-01-29 15:51:28] INFO Live Pulse - System active...
[2026-01-29 15:51:29] INFO Live Pulse - System active...
[2026-01-29 15:51:30] INFO Live Pulse - System active...
[2026-01-29 15:51:31] INFO Live Pulse - System active...
[2026-01-29 15:51:32] INFO Live Pulse - System active...
[2026-01-29 15:51:33] INFO Live Pulse - System active...
[2026-01-29 15:51:34] INFO Live Pulse - System active...
[2026-01-29 15:51:35] INFO Live Pulse - System active...
[2026-01-29 15:51:36] INFO Live Pulse - System active...
[2026-01-29 15:51:37] INFO Live Pulse - System active...
[2026-01-29 15:51:38] INFO Live Pulse - System active...
[2026-01-29 15:51:39] INFO Live Pulse - System active...
[2026-01-29 15:51:40] INFO Live Pulse - System active...
[2026-01-29 15:51:41] INFO Live Pulse - System active...
[2026-01-29 15:51:42] INFO Live Pulse - System active...
[2026-01-29 15:51:43] INFO Live Pulse - System active...
[2026-01-29 15:51:44] INFO Live Pulse - System active...
[2026-01-29 15:51:45] INFO Live Pulse - System active...
[2026-01-29 15:51:46] INFO Live Pulse - System active...
[2026-01-29 15:51:47] INFO Live Pulse - System active...
[2026-01-29 15:51:48] INFO Live Pulse - System active...
[2026-01-29 15:51:49] INFO Live Pulse - System active...
[2026-01-29 15:51:50] INFO Live Pulse - System active...
[2026-01-29 15:51:51] INFO Live Pulse - System active...
[2026-01-29 15:51:52] INFO Live Pulse - System active...
[2026-01-29 15:51:53] INFO Live Pulse - System active...
[2026-01-29 15:51:54] INFO Live Pulse - System active...
[2026-01-29 15:51:55] INFO Live Pulse - System active...
[2026-01-29 15:51:56] INFO Live Pulse - System active...
[2026-01-29 15:51:57] INFO Live Pulse - System active...
[2026-01-29 15:51:58] INFO Live Pulse - System active...
[2026-01-29 15:51:59] INFO Live Pulse - System active...
[2026-01-29 15:52:00] INFO Live Pulse - System active...
[2026-01-29 15:52:01] INFO Live Pulse - System active...
[2026-01-29 15:52:02] INFO Live Pulse - System active...
[2026-01-29 15:52:03] INFO Live Pulse - System active...
[2026-01-29 15:52:04] INFO Live Pulse - System active...
[2026-01-29 15:52:05] INFO Live Pulse - System active...
[2026-01-29 15:52:06] INFO Live Pulse - System active...
[2026-01-29 15:52:07] INFO Live Pulse - System active...
[2026-01-29 15:52:08] INFO Live Pulse - System active...
[2026-01-29 15:52:09] INFO Live Pulse - System active...
[2026-01-29 15:52:10] INFO Live Pulse - System active...
[2026-01-29 15:52:12] INFO Live Pulse - System active...
[2026-01-29 15:52:13] INFO Live Pulse - System active...
[2026-01-29 15:52:14] INFO Live Pulse - System active...
[2026-01-29 15:52:15] INFO Live Pulse - System active...
[2026-01-29 15:52:16] INFO Live Pulse - System active...
[2026-01-29 15:52:17] INFO Live Pulse - System active...
[2026-01-29 15:52:18] INFO Live Pulse - System active...
[2026-01-29 15:52:19] INFO Live Pulse - System active...
[2026-01-29 15:52:20] INFO Live Pulse - System active...
[2026-01-29 15:52:21] INFO Live Pulse - System active...
[2026-01-29 15:52:22] INFO Live Pulse - System active...
[2026-01-29 15:52:23] INFO Live Pulse - System active...
[2026-01-29 15:52:24] INFO Live Pulse - System active...
[2026-01-29 15:52:25] INFO Live Pulse - System active...
[2026-01-29 15:52:26] INFO Live Pulse - System active...
[2026-01-29 15:52:27] INFO Live Pulse - System active...
[2026-01-29 15:52:28] INFO Live Pulse - System active...
[2026-01-29 15:52:29] INFO Live Pulse - System active...
[2026-01-29 15:52:30] INFO Live Pulse - System active...
[2026-01-29 15:52:31] INFO Live Pulse - System active...
[2026-01-29 15:52:32] INFO Live Pulse - System active...
[2026-01-29 15:52:33] INFO Live Pulse - System active...
[2026-01-29 15:52:34] INFO Live Pulse - System active...
[2026-01-29 15:52:35] INFO Live Pulse - System active...
[2026-01-29 15:52:36] INFO Live Pulse - System active...
[2026-01-29 15:52:37] INFO Live Pulse - System active...
[2026-01-29 15:52:38] INFO Live Pulse - System active...
[2026-01-29 15:52:39] INFO Live Pulse - System active...
[2026-01-29 15:52:40] INFO Live Pulse - System active...
[2026-01-29 15:52:41] INFO Live Pulse - System active...
[2026-01-29 15:52:42] INFO Live Pulse - System active...
[2026-01-29 15:52:43] INFO Live Pulse - System active...
[2026-01-29 15:52:44] INFO Live Pulse - System active...
[2026-01-29 15:52:45] INFO Live Pulse - System active...
[2026-01-29 15:52:46] INFO Live Pulse - System active...
[2026-01-29 15:52:47] INFO Live Pulse - System active...
[2026-01-29 15:52:48] INFO Live Pulse - System active...
[2026-01-29 15:52:49] INFO Live Pulse - System active...
[2026-01-29 15:52:50] INFO Live Pulse - System active...
[2026-01-29 15:52:51] INFO Live Pulse - System active...
[2026-01-29 15:52:52] INFO Live Pulse - System active...
[2026-01-29 15:52:53] INFO Live Pulse - System active...
[2026-01-29 15:52:54] INFO Live Pulse - System active...
[2026-01-29 15:52:55] INFO Live Pulse - System active...
[2026-01-29 15:52:56] INFO Live Pulse - System active...
[2026-01-29 15:52:57] INFO Live Pulse - System active...
[2026-01-29 15:52:58] INFO Live Pulse - System active...
[2026-01-29 15:52:59] INFO Live Pulse - System active...
[2026-01-29 15:53:00] INFO Live Pulse - System active...
[2026-01-29 15:53:01] INFO Live Pulse - System active...
[2026-01-29 15:53:02] INFO Live Pulse - System active...
[2026-01-29 15:53:03] INFO Live Pulse - System active...
[2026-01-29 15:53:04] INFO Live Pulse - System active...
[2026-01-29 15:53:05] INFO Live Pulse - System active...
[2026-01-29 15:53:06] INFO Live Pulse - System active...
[2026-01-29 15:53:07] INFO Live Pulse - System active...
[2026-01-29 15:53:08] INFO Live Pulse - System active...
[2026-01-29 15:53:09] INFO Live Pulse - System active...
[2026-01-29 15:53:10] INFO Live Pulse - System active...
[2026-01-29 15:53:11] INFO Live Pulse - System active...
[2026-01-29 15:53:12] INFO Live Pulse - System active...
[2026-01-29 15:53:13] INFO Live Pulse - System active...
[2026-01-29 15:53:14] INFO Live Pulse - System active...
[2026-01-29 15:53:15] INFO Live Pulse - System active...
[2026-01-29 15:53:16] INFO Live Pulse - System active...
[2026-01-29 15:53:17] INFO Live Pulse - System active...
[2026-01-29 15:53:18] INFO Live Pulse - System active...
[2026-01-29 15:53:19] INFO Live Pulse - System active...
[2026-01-29 15:53:20] INFO Live Pulse - System active...
[2026-01-29 15:53:21] INFO Live Pulse - System active...
[2026-01-29 15:53:22] INFO Live Pulse - System active...
[2026-01-29 15:53:23] INFO Live Pulse - System active...
[2026-01-29 15:53:24] INFO Live Pulse - System active...
[2026-01-29 15:53:25] INFO Live Pulse - System active...
[2026-01-29 15:53:26] INFO Live Pulse - System active...
[2026-01-29 15:53:27] INFO Live Pulse - System active...
[2026-01-29 15:53:28] INFO Live Pulse - System active...
[2026-01-29 15:53:29] INFO Live Pulse - System active...
[2026-01-29 15:53:30] INFO Live Pulse - System active...
[2026-01-29 15:53:31] INFO Live Pulse - System active...
[2026-01-29 15:53:32] INFO Live Pulse - System active...
[2026-01-29 15:53:33] INFO Live Pulse - System active...
[2026-01-29 15:53:34] INFO Live Pulse - System active...
[2026-01-29 15:53:35] INFO Live Pulse - System active...
[2026-01-29 15:53:36] INFO Live Pulse - System active...
[2026-01-29 15:53:37] INFO Live Pulse - System active...
[2026-01-29 15:53:38] INFO Live Pulse - System active...
[2026-01-29 15:53:39] INFO Live Pulse - System active...
[2026-01-29 15:53:40] INFO Live Pulse - System active...
[2026-01-29 15:53:41] INFO Live Pulse - System active...
[2026-01-29 15:53:42] INFO Live Pulse - System active...
[2026-01-29 15:53:43] INFO Live Pulse - System active...
[2026-01-29 15:53:44] INFO Live Pulse - System active...
[2026-01-29 15:53:45] INFO Live Pulse - System active...
[2026-01-29 15:53:46] INFO Live Pulse - System active...
[2026-01-29 15:53:47] INFO Live Pulse - System active...
[2026-01-29 15:53:48] INFO Live Pulse - System active...
[2026-01-29 15:53:49] INFO Live Pulse - System active...
[2026-01-29 15:53:50] INFO Live Pulse - System active...
[2026-01-29 15:53:51] INFO Live Pulse - System active...
[2026-01-29 15:53:52] INFO Live Pulse - System active...
[2026-01-29 15:53:53] INFO Live Pulse - System active...
[2026-01-29 15:53:54] INFO Live Pulse - System active...
[2026-01-29 15:53:55] INFO Live Pulse - System active...
[2026-01-29 15:53:56] INFO Live Pulse - System active...
[2026-01-29 15:53:57] INFO Live Pulse - System active...
[2026-01-29 15:53:58] INFO Live Pulse - System active...
[2026-01-29 15:53:59] INFO Live Pulse - System active...
[2026-01-29 15:54:00] INFO Live Pulse - System active...
[2026-01-29 15:54:01] INFO Live Pulse - System active...
[2026-01-29 15:54:02] INFO Live Pulse - System active...
[2026-01-29 15:54:03] INFO Live Pulse - System active...
[2026-01-29 15:54:04] INFO Live Pulse - System active...
[2026-01-29 15:54:05] INFO Live Pulse - System active...
[2026-01-29 15:54:06] INFO Live Pulse - System active...
[2026-01-29 15:54:07] INFO Live Pulse - System active...
[2026-01-29 15:54:08] INFO Live Pulse - System active...
[2026-01-29 15:54:09] INFO Live Pulse - System active...
[2026-01-29 15:54:10] INFO Live Pulse - System active...
[2026-01-29 15:54:11] INFO Live Pulse - System active...
[2026-01-29 15:54:12] INFO Live Pulse - System active...
[2026-01-29 15:54:13] INFO Live Pulse - System active...
[2026-01-29 15:54:14] INFO Live Pulse - System active...
[2026-01-29 15:54:15] INFO Live Pulse - System active...
[2026-01-29 15:54:16] INFO Live Pulse - System active...
[2026-01-29 15:54:17] INFO Live Pulse - System active...
[2026-01-29 15:54:18] INFO Live Pulse - System active...
[2026-01-29 15:54:19] INFO Live Pulse - System active...
[2026-01-29 15:54:20] INFO Live Pulse - System active...
[2026-01-29 15:54:21] INFO Live Pulse - System active...
[2026-01-29 15:54:22] INFO Live Pulse - System active...
[2026-01-29 15:54:23] INFO Live Pulse - System active...
[2026-01-29 15:54:24] INFO Live Pulse - System active...
[2026-01-29 15:54:25] INFO Live Pulse - System active...
[2026-01-29 15:54:26] INFO Live Pulse - System active...
[2026-01-29 15:54:27] INFO Live Pulse - System active...
[2026-01-29 15:54:28] INFO Live Pulse - System active...
[2026-01-29 15:54:29] INFO Live Pulse - System active...
[2026-01-29 15:54:30] INFO Live Pulse - System active...
[2026-01-29 15:54:31] INFO Live Pulse - System active...
[2026-01-29 15:54:32] INFO Live Pulse - System active...
[2026-01-29 15:54:33] INFO Live Pulse - System active...
[2026-01-29 15:54:34] INFO Live Pulse - System active...
[2026-01-29 15:54:35] INFO Live Pulse - System active...
[2026-01-29 15:54:36] INFO Live Pulse - System active...
[2026-01-29 15:54:37] INFO Live Pulse - System active...
[2026-01-29 15:54:38] INFO Live Pulse - System active...
[2026-01-29 15:54:39] INFO Live Pulse - System active...
[2026-01-29 15:54:40] INFO Live Pulse - System active...
[2026-01-29 15:54:41] INFO Live Pulse - System active...
[2026-01-29 15:54:42] INFO Live Pulse - System active...
[2026-01-29 15:54:43] INFO Live Pulse - System active...
[2026-01-29 15:54:44] INFO Live Pulse - System active...
[2026-01-29 15:54:45] INFO Live Pulse - System active...
[2026-01-29 15:54:46] INFO Live Pulse - System active...
[2026-01-29 15:54:47] INFO Live Pulse - System active...
[2026-01-29 15:54:48] INFO Live Pulse - System active...
[2026-01-29 15:54:49] INFO Live Pulse - System active...
[2026-01-29 15:54:50] INFO Live Pulse - System active...
[2026-01-29 15:54:51] INFO Live Pulse - System active...
[2026-01-29 15:54:52] INFO Live Pulse - System active...
[2026-01-29 15:54:53] INFO Live Pulse - System active...
[2026-01-29 15:54:54] INFO Live Pulse - System active...
[2026-01-29 15:54:55] INFO Live Pulse - System active...
[2026-01-29 15:54:56] INFO Live Pulse - System active...
[2026-01-29 15:54:57] INFO Live Pulse - System active...
[2026-01-29 15:54:58] INFO Live Pulse - System active...
[2026-01-29 15:54:59] INFO Live Pulse - System active...
[2026-01-29 15:55:00] INFO Live Pulse - System active...
[2026-01-29 15:55:01] INFO Live Pulse - System active...
[2026-01-29 15:55:02] INFO Live Pulse - System active...
[2026-01-29 15:55:03] INFO Live Pulse - System active...
[2026-01-29 15:55:04] INFO Live Pulse - System active...
[2026-01-29 15:55:05] INFO Live Pulse - System active...
[2026-01-29 15:55:06] INFO Live Pulse - System active...
[2026-01-29 15:55:07] INFO Live Pulse - System active...
[2026-01-29 15:55:08] INFO Live Pulse - System active...
[2026-01-29 15:55:09] INFO Live Pulse - System active...
[2026-01-29 15:55:10] INFO Live Pulse - System active...
[2026-01-29 15:55:11] INFO Live Pulse - System active...
[2026-01-29 15:55:12] INFO Live Pulse - System active...
[2026-01-29 15:55:13] INFO Live Pulse - System active...
[2026-01-29 15:55:14] INFO Live Pulse - System active...
[2026-01-29 15:55:15] INFO Live Pulse - System active...
[2026-01-29 15:55:16] INFO Live Pulse - System active...
[2026-01-29 15:55:17] INFO Live Pulse - System active...
[2026-01-29 15:55:18] INFO Live Pulse - System active...
[2026-01-29 15:55:19] INFO Live Pulse - System active...
[2026-01-29 15:55:20] INFO Live Pulse - System active...
[2026-01-29 15:55:21] INFO Live Pulse - System active...
[2026-01-29 15:55:22] INFO Live Pulse - System active...
[2026-01-29 15:55:23] INFO Live Pulse - System active...
[2026-01-29 15:55:24] INFO Live Pulse - System active...
[2026-01-29 15:55:25] INFO Live Pulse - System active...
[2026-01-29 15:55:26] INFO Live Pulse - System active...
[2026-01-29 15:55:27] INFO Live Pulse - System active...
[2026-01-29 15:55:28] INFO Live Pulse - System active...
[2026-01-29 15:55:29] INFO Live Pulse - System active...
[2026-01-29 15:55:30] INFO Live Pulse - System active...
[2026-01-29 15:55:31] INFO Live Pulse - System active...
[2026-01-29 15:55:32] INFO Live Pulse - System active...
[2026-01-29 15:55:33] INFO Live Pulse - System active...
[2026-01-29 15:55:34] INFO Live Pulse - System active...
[2026-01-29 15:55:35] INFO Live Pulse - System active...
[2026-01-29 15:55:36] INFO Live Pulse - System active...
[2026-01-29 15:55:37] INFO Live Pulse - System active...
[2026-01-29 15:55:38] INFO Live Pulse - System active...
[2026-01-29 15:55:39] INFO Live Pulse - System active...
[2026-01-29 15:55:40] INFO Live Pulse - System active...
[2026-01-29 15:55:41] INFO Live Pulse - System active...
[2026-01-29 15:55:42] INFO Live Pulse - System active...
[2026-01-29 15:55:43] INFO Live Pulse - System active...
[2026-01-29 15:55:44] INFO Live Pulse - System active...
[2026-01-29 15:55:45] INFO Live Pulse - System active...
[2026-01-29 15:55:46] INFO Live Pulse - System active...
[2026-01-29 15:55:47] INFO Live Pulse - System active...
[2026-01-29 15:55:48] INFO Live Pulse - System active...
[2026-01-29 15:55:49] INFO Live Pulse - System active...
[2026-01-29 15:55:50] INFO Live Pulse - System active...
[2026-01-29 15:55:51] INFO Live Pulse - System active...
[2026-01-29 15:55:52] INFO Live Pulse - System active...
[2026-01-29 15:55:53] INFO Live Pulse - System active...
[2026-01-29 15:55:54] INFO Live Pulse - System active...
[2026-01-29 15:55:55] INFO Live Pulse - System active...
[2026-01-29 15:55:56] INFO Live Pulse - System active...
[2026-01-29 15:55:57] INFO Live Pulse - System active...
[2026-01-29 15:55:58] INFO Live Pulse - System active...
[2026-01-29 15:55:59] INFO Live Pulse - System active...
[2026-01-29 15:56:00] INFO Live Pulse - System active...
[2026-01-29 15:56:01] INFO Live Pulse - System active...
[2026-01-29 15:56:02] INFO Live Pulse - System active...
[2026-01-29 15:56:03] INFO Live Pulse - System active...
[2026-01-29 15:56:04] INFO Live Pulse - System active...
[2026-01-29 15:56:05] INFO Live Pulse - System active...
[2026-01-29 15:56:06] INFO Live Pulse - System active...
[2026-01-29 15:56:07] INFO Live Pulse - System active...
[2026-01-29 15:56:08] INFO Live Pulse - System active...
[2026-01-29 15:56:09] INFO Live Pulse - System active...
[2026-01-29 15:56:10] INFO Live Pulse - System active...
[2026-01-29 15:56:11] INFO Live Pulse - System active...
[2026-01-29 15:56:12] INFO Live Pulse - System active...
[2026-01-29 15:56:13] INFO Live Pulse - System active...
[2026-01-29 15:56:14] INFO Live Pulse - System active...
[2026-01-29 15:56:15] INFO Live Pulse - System active...
[2026-01-29 15:56:16] INFO Live Pulse - System active...
[2026-01-29 15:56:17] INFO Live Pulse - System active...
[2026-01-29 15:56:18] INFO Live Pulse - System active...
[2026-01-29 15:56:19] INFO Live Pulse - System active...
[2026-01-29 15:56:20] INFO Live Pulse - System active...
[2026-01-29 15:56:21] INFO Live Pulse - System active...
[2026-01-29 15:56:22] INFO Live Pulse - System active...
[2026-01-29 15:56:23] INFO Live Pulse - System active...
[2026-01-29 15:56:24] INFO Live Pulse - System active...
[2026-01-29 15:56:25] INFO Live Pulse - System active...
[2026-01-29 15:56:26] INFO Live Pulse - System active...
[2026-01-29 15:56:27] INFO Live Pulse - System active...
[2026-01-29 15:56:28] INFO Live Pulse - System active...
[2026-01-29 15:56:29] INFO Live Pulse - System active...
[2026-01-29 15:56:30] INFO Live Pulse - System active...
[2026-01-29 15:56:31] INFO Live Pulse - System active...
[2026-01-29 15:56:32] INFO Live Pulse - System active...
[2026-01-29 15:56:33] INFO Live Pulse - System active...
[2026-01-29 15:56:34] INFO Live Pulse - System active...
[2026-01-29 15:56:35] INFO Live Pulse - System active...
[2026-01-29 15:56:36] INFO Live Pulse - System active...
[2026-01-29 15:56:37] INFO Live Pulse - System active...
[2026-01-29 15:56:38] INFO Live Pulse - System active...
[2026-01-29 15:56:39] INFO Live Pulse - System active...
[2026-01-29 15:56:40] INFO Live Pulse - System active...
[2026-01-29 15:56:41] INFO Live Pulse - System active...
[2026-01-29 15:56:42] INFO Live Pulse - System active...
[2026-01-29 15:56:43] INFO Live Pulse - System active...
[2026-01-29 15:56:44] INFO Live Pulse - System active...
[2026-01-29 15:56:45] INFO Live Pulse - System active...
[2026-01-29 15:56:46] INFO Live Pulse - System active...
[2026-01-29 15:56:47] INFO Live Pulse - System active...
[2026-01-29 15:56:48] INFO Live Pulse - System active...
[2026-01-29 15:56:49] INFO Live Pulse - System active...
[2026-01-29 15:56:50] INFO Live Pulse - System active...
[2026-01-29 15:56:51] INFO Live Pulse - System active...
[2026-01-29 15:56:52] INFO Live Pulse - System active...
[2026-01-29 15:56:53] INFO Live Pulse - System active...
[2026-01-29 15:56:54] INFO Live Pulse - System active...
[2026-01-29 15:56:55] INFO Live Pulse - System active...
[2026-01-29 15:56:56] INFO Live Pulse - System active...
[2026-01-29 15:56:57] INFO Live Pulse - System active...
[2026-01-29 15:56:58] INFO Live Pulse - System active...
[2026-01-29 15:56:59] INFO Live Pulse - System active...
[2026-01-29 15:57:00] INFO Live Pulse - System active...
[2026-01-29 15:57:01] INFO Live Pulse - System active...
[2026-01-29 15:57:02] INFO Live Pulse - System active...
[2026-01-29 15:57:03] INFO Live Pulse - System active...
[2026-01-29 15:57:04] INFO Live Pulse - System active...
[2026-01-29 15:57:05] INFO Live Pulse - System active...
[2026-01-29 15:57:06] INFO Live Pulse - System active...
[2026-01-29 15:57:07] INFO Live Pulse - System active...
[2026-01-29 15:57:08] INFO Live Pulse - System active...
[2026-01-29 15:57:09] INFO Live Pulse - System active...
[2026-01-29 15:57:10] INFO Live Pulse - System active...
[2026-01-29 15:57:11] INFO Live Pulse - System active...
[2026-01-29 15:57:12] INFO Live Pulse - System active...
[2026-01-29 15:57:13] INFO Live Pulse - System active...
[2026-01-29 15:57:14] INFO Live Pulse - System active...
[2026-01-29 15:57:15] INFO Live Pulse - System active...
[2026-01-29 15:57:16] INFO Live Pulse - System active...
[2026-01-29 15:57:17] INFO Live Pulse - System active...
[2026-01-29 15:57:18] INFO Live Pulse - System active...
[2026-01-29 15:57:19] INFO Live Pulse - System active...
[2026-01-29 15:57:20] INFO Live Pulse - System active...
[2026-01-29 15:57:21] INFO Live Pulse - System active...
[2026-01-29 15:57:22] INFO Live Pulse - System active...
[2026-01-29 15:57:23] INFO Live Pulse - System active...
[2026-01-29 15:57:24] INFO Live Pulse - System active...
[2026-01-29 15:57:25] INFO Live Pulse - System active...
[2026-01-29 15:57:26] INFO Live Pulse - System active...
[2026-01-29 15:57:27] INFO Live Pulse - System active...
[2026-01-29 15:57:28] INFO Live Pulse - System active...
[2026-01-29 15:57:29] INFO Live Pulse - System active...
[2026-01-29 15:57:30] INFO Live Pulse - System active...
[2026-01-29 15:57:31] INFO Live Pulse - System active...
[2026-01-29 15:57:32] INFO Live Pulse - System active...
[2026-01-29 15:57:33] INFO Live Pulse - System active...
[2026-01-29 15:57:34] INFO Live Pulse - System active...
[2026-01-29 15:57:35] INFO Live Pulse - System active...
[2026-01-29 15:57:36] INFO Live Pulse - System active...
[2026-01-29 15:57:37] INFO Live Pulse - System active...
[2026-01-29 15:57:38] INFO Live Pulse - System active...
[2026-01-29 15:57:39] INFO Live Pulse - System active...
[2026-01-29 15:57:40] INFO Live Pulse - System active...
[2026-01-29 15:57:41] INFO Live Pulse - System active...
[2026-01-29 15:57:42] INFO Live Pulse - System active...
[2026-01-29 15:57:43] INFO Live Pulse - System active...
[2026-01-29 15:57:44] INFO Live Pulse - System active...
[2026-01-29 15:57:45] INFO Live Pulse - System active...
[2026-01-29 15:57:46] INFO Live Pulse - System active...
[2026-01-29 15:57:47] INFO Live Pulse - System active...
[2026-01-29 15:57:48] INFO Live Pulse - System active...
[2026-01-29 15:57:49] INFO Live Pulse - System active...
[2026-01-29 15:57:50] INFO Live Pulse - System active...
[2026-01-29 15:57:51] INFO Live Pulse - System active...
[2026-01-29 15:57:52] INFO Live Pulse - System active...
[2026-01-29 15:57:53] INFO Live Pulse - System active...
[2026-01-29 15:57:54] INFO Live Pulse - System active...
[2026-01-29 15:57:55] INFO Live Pulse - System active...
[2026-01-29 15:57:56] INFO Live Pulse - System active...
[2026-01-29 15:57:57] INFO Live Pulse - System active...
[2026-01-29 15:57:58] INFO Live Pulse - System active...
[2026-01-29 15:57:59] INFO Live Pulse - System active...
[2026-01-29 15:58:00] INFO Live Pulse - System active...
[2026-01-29 15:58:01] INFO Live Pulse - System active...
[2026-01-29 15:58:02] INFO Live Pulse - System active...
[2026-01-29 15:58:03] INFO Live Pulse - System active...
[2026-01-29 15:58:04] INFO Live Pulse - System active...
[2026-01-29 15:58:05] INFO Live Pulse - System active...
[2026-01-29 15:58:06] INFO Live Pulse - System active...
[2026-01-29 15:58:07] INFO Live Pulse - System active...
[2026-01-29 15:58:08] INFO Live Pulse - System active...
[2026-01-29 15:58:09] INFO Live Pulse - System active...
[2026-01-29 15:58:10] INFO Live Pulse - System active...
[2026-01-29 15:58:11] INFO Live Pulse - System active...
[2026-01-29 15:58:12] INFO Live Pulse - System active...
[2026-01-29 15:58:13] INFO Live Pulse - System active...
[2026-01-29 15:58:14] INFO Live Pulse - System active...
[2026-01-29 15:58:15] INFO Live Pulse - System active...
[2026-01-29 15:58:16] INFO Live Pulse - System active...
[2026-01-29 15:58:17] INFO Live Pulse - System active...
[2026-01-29 15:58:18] INFO Live Pulse - System active...
[2026-01-29 15:58:19] INFO Live Pulse - System active...
[2026-01-29 15:58:20] INFO Live Pulse - System active...
[2026-01-29 15:58:21] INFO Live Pulse - System active...
[2026-01-29 15:58:22] INFO Live Pulse - System active...
[2026-01-29 15:58:23] INFO Live Pulse - System active...
[2026-01-29 15:58:24] INFO Live Pulse - System active...
[2026-01-29 15:58:25] INFO Live Pulse - System active...
[2026-01-29 15:58:26] INFO Live Pulse - System active...
[2026-01-29 15:58:27] INFO Live Pulse - System active...
[2026-01-29 15:58:28] INFO Live Pulse - System active...
[2026-01-29 15:58:29] INFO Live Pulse - System active...
[2026-01-29 15:58:30] INFO Live Pulse - System active...
[2026-01-29 15:58:31] INFO Live Pulse - System active...
[2026-01-29 15:58:32] INFO Live Pulse - System active...
[2026-01-29 15:58:33] INFO Live Pulse - System active...
[2026-01-29 15:58:34] INFO Live Pulse - System active...
[2026-01-29 15:58:35] INFO Live Pulse - System active...
[2026-01-29 15:58:36] INFO Live Pulse - System active...
[2026-01-29 15:58:37] INFO Live Pulse - System active...
[2026-01-29 15:58:38] INFO Live Pulse - System active...
[2026-01-29 15:58:39] INFO Live Pulse - System active...
[2026-01-29 15:58:40] INFO Live Pulse - System active...
[2026-01-29 15:58:41] INFO Live Pulse - System active...
[2026-01-29 15:58:42] INFO Live Pulse - System active...
[2026-01-29 15:58:43] INFO Live Pulse - System active...
[2026-01-29 15:58:44] INFO Live Pulse - System active...
[2026-01-29 15:58:45] INFO Live Pulse - System active...
[2026-01-29 15:58:46] INFO Live Pulse - System active...
[2026-01-29 15:58:47] INFO Live Pulse - System active...
[2026-01-29 15:58:48] INFO Live Pulse - System active...
[2026-01-29 15:58:49] INFO Live Pulse - System active...
[2026-01-29 15:58:50] INFO Live Pulse - System active...
[2026-01-29 15:58:51] INFO Live Pulse - System active...
[2026-01-29 15:58:52] INFO Live Pulse - System active...
[2026-01-29 15:58:53] INFO Live Pulse - System active...
[2026-01-29 15:58:54] INFO Live Pulse - System active...
[2026-01-29 15:58:55] INFO Live Pulse - System active...
[2026-01-29 15:58:56] INFO Live Pulse - System active...
[2026-01-29 15:58:57] INFO Live Pulse - System active...
[2026-01-29 15:58:58] INFO Live Pulse - System active...
[2026-01-29 15:58:59] INFO Live Pulse - System active...
[2026-01-29 15:59:00] INFO Live Pulse - System active...
[2026-01-29 15:59:01] INFO Live Pulse - System active...
[2026-01-29 15:59:02] INFO Live Pulse - System active...
[2026-01-29 15:59:03] INFO Live Pulse - System active...
[2026-01-29 15:59:04] INFO Live Pulse - System active...
[2026-01-29 15:59:05] INFO Live Pulse - System active...
[2026-01-29 15:59:06] INFO Live Pulse - System active...
[2026-01-29 15:59:07] INFO Live Pulse - System active...
[2026-01-29 15:59:08] INFO Live Pulse - System active...
[2026-01-29 15:59:09] INFO Live Pulse - System active...
[2026-01-29 15:59:10] INFO Live Pulse - System active...
[2026-01-29 15:59:11] INFO Live Pulse - System active...
[2026-01-29 15:59:12] INFO Live Pulse - System active...
[2026-01-29 15:59:13] INFO Live Pulse - System active...
[2026-01-29 15:59:14] INFO Live Pulse - System active...
[2026-01-29 15:59:15] INFO Live Pulse - System active...
[2026-01-29 15:59:16] INFO Live Pulse - System active...
[2026-01-29 15:59:17] INFO Live Pulse - System active...
[2026-01-29 15:59:18] INFO Live Pulse - System active...
[2026-01-29 15:59:19] INFO Live Pulse - System active...
[2026-01-29 15:59:20] INFO Live Pulse - System active...
[2026-01-29 15:59:21] INFO Live Pulse - System active...
[2026-01-29 15:59:22] INFO Live Pulse - System active...
[2026-01-29 15:59:23] INFO Live Pulse - System active...
[2026-01-29 15:59:24] INFO Live Pulse - System active...
[2026-01-29 15:59:25] INFO Live Pulse - System active...
[2026-01-29 15:59:26] INFO Live Pulse - System active...
[2026-01-29 15:59:27] INFO Live Pulse - System active...
[2026-01-29 15:59:28] INFO Live Pulse - System active...
[2026-01-29 15:59:29] INFO Live Pulse - System active...
[2026-01-29 15:59:30] INFO Live Pulse - System active...
[2026-01-29 15:59:31] INFO Live Pulse - System active...
[2026-01-29 15:59:32] INFO Live Pulse - System active...
[2026-01-29 15:59:33] INFO Live Pulse - System active...
[2026-01-29 15:59:34] INFO Live Pulse - System active...
[2026-01-29 15:59:35] INFO Live Pulse - System active...
[2026-01-29 15:59:36] INFO Live Pulse - System active...
[2026-01-29 15:59:37] INFO Live Pulse - System active...
[2026-01-29 15:59:38] INFO Live Pulse - System active...
[2026-01-29 15:59:39] INFO Live Pulse - System active...
